// Jest Snapshot v1, https://goo.gl/fbAQLP

exports[`should render children: options 1`] = `
<div
  className="acctSelect-parentDiv"
>
  <p
    className="acctSelect p"
  >
    select an account
  </p>
  <select
    className="acctSelect select"
    onChange={[Function]}
    value="one"
  >
    <option
      value="one"
    >
      "one"
    </option>
    <option
      value="two"
    >
      "two"
    </option>
  </select>
</div>
`;

exports[`should render children: options 2`] = `
<div
  className="acctSelect-parentDiv"
>
  <p
    className="acctSelect p"
  >
    select an account
  </p>
  <select
    className="acctSelect select"
    onChange={[Function]}
    value="one"
  >
    <option
      value="one"
    >
      "one"
    </option>
    <option
      value="two"
    >
      "two"
    </option>
  </select>
</div>
`;

exports[`should render with props passed 1`] = `
<div
  className="acctSelect-parentDiv"
>
  <p
    className="acctSelect p"
  >
    select an account
  </p>
  <select
    className="acctSelect select"
    onChange={[Function]}
    value="one"
  >
    <option
      value="one"
    >
      "one"
    </option>
    <option
      value="two"
    >
      "two"
    </option>
  </select>
</div>
`;
